// Jest Snapshot v1, https://goo.gl/fbAQLP

exports[`renders correctly 1`] = `
<div>
  <ForwardRef
    noGutters={false}
  >
    <div
      className="display-3 col-5"
    >
      Погода здесь
    </div>
    <div
      className="col-7"
    >
      <Button
        active={false}
        className="btn btn-secondary mt-4 "
        disabled={false}
        onClick={[Function]}
        type="button"
        variant="primary"
      >
        Обновить геопозицию
      </Button>
    </div>
  </ForwardRef>
  <CurrentCity
    position={
      Object {
        "latitude": 55.75,
        "longitude": 37.62,
      }
    }
  />
</div>
`;
